// Jest Snapshot v1, https://goo.gl/fbAQLP

exports[`The homepage renders correctly 1`] = `
Object {
  "asFragment": [Function],
  "baseElement": <body>
    <div>
      <div
        class="TopLeftCard__StyledTopCard-sc-1tvhhfn-1 jUbhAn"
      >
        <svg
          class="TopLeftCard__StyledLogo-sc-1tvhhfn-0 gnoeTV"
        >
          logo.svg
        </svg>
      </div>
      <div
        class="WelcomeUser__WelcomeWrapper-sc-1uriybj-0 fmJcjV"
      >
        <h2
          class="WelcomeUser__StyledWelcome-sc-1uriybj-1 ljakRc"
        >
          Moin.
        </h2>
      </div>
      <div
        class="NavButtons__NavWrapper-be11z7-0 bkLDAC"
      >
        <a
          href="/user-profile"
        >
          <div
            class="NavButtons__NavButtonWrapper-be11z7-1 kvcfxI"
          >
            <svg>
              userHomepage.svg
            </svg>
            <h2
              class="NavButtons__H2Styled-be11z7-2 hjdpHL"
            >
              Profil
            </h2>
          </div>
        </a>
        <a
          href="/create"
        >
          <div
            class="NavButtons__NavButtonWrapper-be11z7-1 kvcfxI"
          >
            <svg>
              userPlusHomepage.svg
            </svg>
            <h2
              class="NavButtons__H2Styled-be11z7-2 hjdpHL"
            >
              Kontakt hinzufügen
            </h2>
          </div>
        </a>
        <a
          href="/list"
        >
          <div
            class="NavButtons__NavButtonWrapper-be11z7-1 kvcfxI"
          >
            <svg>
              userListHomepage.svg
            </svg>
            <h2
              class="NavButtons__H2Styled-be11z7-2 hjdpHL"
            >
              Kontaktliste
            </h2>
          </div>
        </a>
        <a
          href="/favorites"
        >
          <div
            class="NavButtons__NavButtonWrapper-be11z7-1 kvcfxI"
          >
            <svg>
              FavoriteUserHomepage.svg
            </svg>
            <h2
              class="NavButtons__H2Styled-be11z7-2 hjdpHL"
            >
              Favoriten
            </h2>
          </div>
        </a>
      </div>
    </div>
  </body>,
  "container": <div>
    <div
      class="TopLeftCard__StyledTopCard-sc-1tvhhfn-1 jUbhAn"
    >
      <svg
        class="TopLeftCard__StyledLogo-sc-1tvhhfn-0 gnoeTV"
      >
        logo.svg
      </svg>
    </div>
    <div
      class="WelcomeUser__WelcomeWrapper-sc-1uriybj-0 fmJcjV"
    >
      <h2
        class="WelcomeUser__StyledWelcome-sc-1uriybj-1 ljakRc"
      >
        Moin.
      </h2>
    </div>
    <div
      class="NavButtons__NavWrapper-be11z7-0 bkLDAC"
    >
      <a
        href="/user-profile"
      >
        <div
          class="NavButtons__NavButtonWrapper-be11z7-1 kvcfxI"
        >
          <svg>
            userHomepage.svg
          </svg>
          <h2
            class="NavButtons__H2Styled-be11z7-2 hjdpHL"
          >
            Profil
          </h2>
        </div>
      </a>
      <a
        href="/create"
      >
        <div
          class="NavButtons__NavButtonWrapper-be11z7-1 kvcfxI"
        >
          <svg>
            userPlusHomepage.svg
          </svg>
          <h2
            class="NavButtons__H2Styled-be11z7-2 hjdpHL"
          >
            Kontakt hinzufügen
          </h2>
        </div>
      </a>
      <a
        href="/list"
      >
        <div
          class="NavButtons__NavButtonWrapper-be11z7-1 kvcfxI"
        >
          <svg>
            userListHomepage.svg
          </svg>
          <h2
            class="NavButtons__H2Styled-be11z7-2 hjdpHL"
          >
            Kontaktliste
          </h2>
        </div>
      </a>
      <a
        href="/favorites"
      >
        <div
          class="NavButtons__NavButtonWrapper-be11z7-1 kvcfxI"
        >
          <svg>
            FavoriteUserHomepage.svg
          </svg>
          <h2
            class="NavButtons__H2Styled-be11z7-2 hjdpHL"
          >
            Favoriten
          </h2>
        </div>
      </a>
    </div>
  </div>,
  "debug": [Function],
  "findAllByAltText": [Function],
  "findAllByDisplayValue": [Function],
  "findAllByLabelText": [Function],
  "findAllByPlaceholderText": [Function],
  "findAllByRole": [Function],
  "findAllByTestId": [Function],
  "findAllByText": [Function],
  "findAllByTitle": [Function],
  "findByAltText": [Function],
  "findByDisplayValue": [Function],
  "findByLabelText": [Function],
  "findByPlaceholderText": [Function],
  "findByRole": [Function],
  "findByTestId": [Function],
  "findByText": [Function],
  "findByTitle": [Function],
  "getAllByAltText": [Function],
  "getAllByDisplayValue": [Function],
  "getAllByLabelText": [Function],
  "getAllByPlaceholderText": [Function],
  "getAllByRole": [Function],
  "getAllByTestId": [Function],
  "getAllByText": [Function],
  "getAllByTitle": [Function],
  "getByAltText": [Function],
  "getByDisplayValue": [Function],
  "getByLabelText": [Function],
  "getByPlaceholderText": [Function],
  "getByRole": [Function],
  "getByTestId": [Function],
  "getByText": [Function],
  "getByTitle": [Function],
  "queryAllByAltText": [Function],
  "queryAllByDisplayValue": [Function],
  "queryAllByLabelText": [Function],
  "queryAllByPlaceholderText": [Function],
  "queryAllByRole": [Function],
  "queryAllByTestId": [Function],
  "queryAllByText": [Function],
  "queryAllByTitle": [Function],
  "queryByAltText": [Function],
  "queryByDisplayValue": [Function],
  "queryByLabelText": [Function],
  "queryByPlaceholderText": [Function],
  "queryByRole": [Function],
  "queryByTestId": [Function],
  "queryByText": [Function],
  "queryByTitle": [Function],
  "rerender": [Function],
  "unmount": [Function],
}
`;
