// Jest Snapshot v1, https://goo.gl/fbAQLP

exports[`The listItem renders correctly 1`] = `
Object {
  "asFragment": [Function],
  "baseElement": <body>
    <div>
      <div>
        <div
          class="NavButton__NavWrapper-sc-1tu5d0l-0 kKIkyu"
        >
          <a
            href="/user-profile"
          >
            <button
              class="NavButton__ButtonStyled-sc-1tu5d0l-1 fIOQGb"
            >
              <img
                alt=""
                class="NavButton__IconStyled-sc-1tu5d0l-2 FJojP"
                src=""
              />
              <h2
                class="NavButton__H2Styled-sc-1tu5d0l-3 huddWA"
              >
                Profil
              </h2>
            </button>
          </a>
          <a
            href="/create"
          >
            <button
              class="NavButton__ButtonStyled-sc-1tu5d0l-1 fIOQGb"
            >
              <img
                alt=""
                class="NavButton__IconStyled-sc-1tu5d0l-2 FJojP"
                src=""
              />
              <h2
                class="NavButton__H2Styled-sc-1tu5d0l-3 huddWA"
              >
                Kontakt hinzufügen
              </h2>
            </button>
          </a>
          <a
            href="/list"
          >
            <button
              class="NavButton__ButtonStyled-sc-1tu5d0l-1 fIOQGb"
            >
              <img
                alt=""
                class="NavButton__IconStyled-sc-1tu5d0l-2 FJojP"
                src=""
              />
              <h2
                class="NavButton__H2Styled-sc-1tu5d0l-3 huddWA"
              >
                Kontaktliste
              </h2>
            </button>
          </a>
          <a
            href="/favorites"
          >
            <button
              class="NavButton__ButtonStyled-sc-1tu5d0l-1 fIOQGb"
            >
              <img
                alt=""
                class="NavButton__IconStyled-sc-1tu5d0l-2 FJojP"
                src=""
              />
              <h2
                class="NavButton__H2Styled-sc-1tu5d0l-3 huddWA"
              >
                Favoriten
              </h2>
            </button>
          </a>
        </div>
      </div>
    </div>
  </body>,
  "container": <div>
    <div>
      <div
        class="NavButton__NavWrapper-sc-1tu5d0l-0 kKIkyu"
      >
        <a
          href="/user-profile"
        >
          <button
            class="NavButton__ButtonStyled-sc-1tu5d0l-1 fIOQGb"
          >
            <img
              alt=""
              class="NavButton__IconStyled-sc-1tu5d0l-2 FJojP"
              src=""
            />
            <h2
              class="NavButton__H2Styled-sc-1tu5d0l-3 huddWA"
            >
              Profil
            </h2>
          </button>
        </a>
        <a
          href="/create"
        >
          <button
            class="NavButton__ButtonStyled-sc-1tu5d0l-1 fIOQGb"
          >
            <img
              alt=""
              class="NavButton__IconStyled-sc-1tu5d0l-2 FJojP"
              src=""
            />
            <h2
              class="NavButton__H2Styled-sc-1tu5d0l-3 huddWA"
            >
              Kontakt hinzufügen
            </h2>
          </button>
        </a>
        <a
          href="/list"
        >
          <button
            class="NavButton__ButtonStyled-sc-1tu5d0l-1 fIOQGb"
          >
            <img
              alt=""
              class="NavButton__IconStyled-sc-1tu5d0l-2 FJojP"
              src=""
            />
            <h2
              class="NavButton__H2Styled-sc-1tu5d0l-3 huddWA"
            >
              Kontaktliste
            </h2>
          </button>
        </a>
        <a
          href="/favorites"
        >
          <button
            class="NavButton__ButtonStyled-sc-1tu5d0l-1 fIOQGb"
          >
            <img
              alt=""
              class="NavButton__IconStyled-sc-1tu5d0l-2 FJojP"
              src=""
            />
            <h2
              class="NavButton__H2Styled-sc-1tu5d0l-3 huddWA"
            >
              Favoriten
            </h2>
          </button>
        </a>
      </div>
    </div>
  </div>,
  "debug": [Function],
  "findAllByAltText": [Function],
  "findAllByDisplayValue": [Function],
  "findAllByLabelText": [Function],
  "findAllByPlaceholderText": [Function],
  "findAllByRole": [Function],
  "findAllByTestId": [Function],
  "findAllByText": [Function],
  "findAllByTitle": [Function],
  "findByAltText": [Function],
  "findByDisplayValue": [Function],
  "findByLabelText": [Function],
  "findByPlaceholderText": [Function],
  "findByRole": [Function],
  "findByTestId": [Function],
  "findByText": [Function],
  "findByTitle": [Function],
  "getAllByAltText": [Function],
  "getAllByDisplayValue": [Function],
  "getAllByLabelText": [Function],
  "getAllByPlaceholderText": [Function],
  "getAllByRole": [Function],
  "getAllByTestId": [Function],
  "getAllByText": [Function],
  "getAllByTitle": [Function],
  "getByAltText": [Function],
  "getByDisplayValue": [Function],
  "getByLabelText": [Function],
  "getByPlaceholderText": [Function],
  "getByRole": [Function],
  "getByTestId": [Function],
  "getByText": [Function],
  "getByTitle": [Function],
  "queryAllByAltText": [Function],
  "queryAllByDisplayValue": [Function],
  "queryAllByLabelText": [Function],
  "queryAllByPlaceholderText": [Function],
  "queryAllByRole": [Function],
  "queryAllByTestId": [Function],
  "queryAllByText": [Function],
  "queryAllByTitle": [Function],
  "queryByAltText": [Function],
  "queryByDisplayValue": [Function],
  "queryByLabelText": [Function],
  "queryByPlaceholderText": [Function],
  "queryByRole": [Function],
  "queryByTestId": [Function],
  "queryByText": [Function],
  "queryByTitle": [Function],
  "rerender": [Function],
  "unmount": [Function],
}
`;
