// Jest Snapshot v1, https://goo.gl/fbAQLP

exports[`The form renders correctly 1`] = `
Object {
  "asFragment": [Function],
  "baseElement": <body>
    <div>
      <main
        class="PageLayout__PageStyled-i5mqh4-0 jxwuTH"
      >
        <div
          class="NavBar__HeaderWrapper-jwnntt-0 iTVKYa"
        >
          <a
            aria-current="page"
            class="active"
            href="/"
          >
            <svg
              class="NavBar__ArrowStyled-jwnntt-1 mugrW"
              id="back"
            >
              arrow-left.svg
            </svg>
          </a>
          <a
            href="/favorites"
          >
            <svg
              class="NavBar__FavoriteStyled-jwnntt-2 hjlejN"
            >
              heart.svg
            </svg>
          </a>
          <a
            href="/user-profile"
          >
            <svg
              class="NavBar__ProfileStyled-jwnntt-3 bLkKnR"
            >
              user-header.svg
            </svg>
          </a>
          <a
            href="/create"
          >
            <svg
              class="NavBar__CreateStyled-jwnntt-4 ihxMvS"
            >
              user-plus.svg
            </svg>
          </a>
        </div>
        <h1
          class="PageLayout__PageName-i5mqh4-1 fPelXI"
        >
          Kontakt anlegen
        </h1>
        <div
          class="CardWrapper__Shadow-m1w3w7-1 hUnpQ"
        />
        <div
          class="CardWrapper__StyledCardWrapper-m1w3w7-0 dXOIHJ"
        >
          <button
            class="CreateContactForm__QRButtonStyled-sc-1xbnsj5-6 dVLnrA"
          >
            QR-Code scannen
          </button>
          <form
            class="CreateContactForm__FormStyled-sc-1xbnsj5-0 hELOHk"
          >
            <div
              class="CreateContactForm__LabelWrapper-sc-1xbnsj5-1 bSEKSw"
            >
              <label
                class="CreateContactForm__LabelStyled-sc-1xbnsj5-2 ldDYpC"
                for="firstName"
              >
                <div
                  class="CreateContactForm__LabelName-sc-1xbnsj5-3 ewbFFX"
                >
                  Vorname
                </div>
                <input
                  class="CreateContactForm__InputStyled-sc-1xbnsj5-4 djFcGd"
                  id="firstName"
                  maxlength="40"
                  name="firstName"
                  placeholder="Max"
                  required=""
                  type="text"
                />
              </label>
              <label
                class="CreateContactForm__LabelStyled-sc-1xbnsj5-2 ldDYpC"
                for="lastName"
              >
                <div
                  class="CreateContactForm__LabelName-sc-1xbnsj5-3 ewbFFX"
                >
                  Nachname
                </div>
                <input
                  class="CreateContactForm__InputStyled-sc-1xbnsj5-4 djFcGd"
                  id="lastName"
                  maxlength="40"
                  name="lastName"
                  placeholder="Mustermann"
                  required=""
                  type="text"
                />
              </label>
            </div>
            <label
              class="CreateContactForm__LabelStyled-sc-1xbnsj5-2 ldDYpC"
              for="company"
            >
              <div
                class="CreateContactForm__LabelName-sc-1xbnsj5-3 ewbFFX"
              >
                Unternehmen
              </div>
              <input
                class="CreateContactForm__InputStyled-sc-1xbnsj5-4 djFcGd"
                id="company"
                name="company"
                placeholder="Universal GmbH"
                required=""
                type="text"
              />
            </label>
            <label
              class="CreateContactForm__LabelStyled-sc-1xbnsj5-2 ldDYpC"
              for="phone"
            >
              <div
                class="CreateContactForm__LabelName-sc-1xbnsj5-3 ewbFFX"
              >
                Telefon
              </div>
              <input
                class="CreateContactForm__InputStyled-sc-1xbnsj5-4 djFcGd"
                id="phone"
                name="phone"
                placeholder="0176-12345678"
                type="tel"
              />
            </label>
            <label
              class="CreateContactForm__LabelStyled-sc-1xbnsj5-2 ldDYpC"
              for="mail"
            >
              <div
                class="CreateContactForm__LabelName-sc-1xbnsj5-3 ewbFFX"
              >
                E-Mail
              </div>
              <input
                class="CreateContactForm__InputStyled-sc-1xbnsj5-4 djFcGd"
                id="mail"
                name="mail"
                placeholder="hello@me.de"
                type="email"
              />
            </label>
            <label
              class="CreateContactForm__LabelStyled-sc-1xbnsj5-2 ldDYpC"
              for="street"
            >
              <div
                class="CreateContactForm__LabelName-sc-1xbnsj5-3 ewbFFX"
              >
                Adresse
              </div>
              <input
                class="CreateContactForm__InputStyled-sc-1xbnsj5-4 djFcGd"
                id="street"
                name="street"
                placeholder="Straße"
                type="text"
              />
              <div
                class="CreateContactForm__LabelWrapper-sc-1xbnsj5-1 bSEKSw"
              >
                <input
                  class="CreateContactForm__InputStyled-sc-1xbnsj5-4 djFcGd"
                  id="zip"
                  name="zip"
                  placeholder="PLZ"
                  type="text"
                />
                <input
                  class="CreateContactForm__InputStyled-sc-1xbnsj5-4 djFcGd"
                  id="city"
                  name="city"
                  placeholder="Stadt"
                  type="text"
                />
              </div>
            </label>
            <label
              class="CreateContactForm__LabelStyled-sc-1xbnsj5-2 ldDYpC"
              for="note"
            >
              <div
                class="CreateContactForm__LabelName-sc-1xbnsj5-3 ewbFFX"
              >
                Notiz
              </div>
              <input
                class="CreateContactForm__InputStyled-sc-1xbnsj5-4 djFcGd"
                id="note"
                name="note"
                type="text"
              />
            </label>
            <label
              class="CreateContactForm__LabelStyled-sc-1xbnsj5-2 ldDYpC"
              for="category"
            >
              <div
                class="CreateContactForm__LabelName-sc-1xbnsj5-3 ewbFFX"
              >
                Kategorie
              </div>
              <input
                class="CreateContactForm__InputStyled-sc-1xbnsj5-4 djFcGd"
                id="category"
                name="category"
                placeholder="Kunde, Dienstleister"
                type="text"
              />
            </label>
            <button
              class="CreateContactForm__ButtonStyled-sc-1xbnsj5-5 eATByy"
              disabled=""
              id="submit"
            >
              Kontakt hinzufügen
            </button>
          </form>
        </div>
      </main>
    </div>
  </body>,
  "container": <div>
    <main
      class="PageLayout__PageStyled-i5mqh4-0 jxwuTH"
    >
      <div
        class="NavBar__HeaderWrapper-jwnntt-0 iTVKYa"
      >
        <a
          aria-current="page"
          class="active"
          href="/"
        >
          <svg
            class="NavBar__ArrowStyled-jwnntt-1 mugrW"
            id="back"
          >
            arrow-left.svg
          </svg>
        </a>
        <a
          href="/favorites"
        >
          <svg
            class="NavBar__FavoriteStyled-jwnntt-2 hjlejN"
          >
            heart.svg
          </svg>
        </a>
        <a
          href="/user-profile"
        >
          <svg
            class="NavBar__ProfileStyled-jwnntt-3 bLkKnR"
          >
            user-header.svg
          </svg>
        </a>
        <a
          href="/create"
        >
          <svg
            class="NavBar__CreateStyled-jwnntt-4 ihxMvS"
          >
            user-plus.svg
          </svg>
        </a>
      </div>
      <h1
        class="PageLayout__PageName-i5mqh4-1 fPelXI"
      >
        Kontakt anlegen
      </h1>
      <div
        class="CardWrapper__Shadow-m1w3w7-1 hUnpQ"
      />
      <div
        class="CardWrapper__StyledCardWrapper-m1w3w7-0 dXOIHJ"
      >
        <button
          class="CreateContactForm__QRButtonStyled-sc-1xbnsj5-6 dVLnrA"
        >
          QR-Code scannen
        </button>
        <form
          class="CreateContactForm__FormStyled-sc-1xbnsj5-0 hELOHk"
        >
          <div
            class="CreateContactForm__LabelWrapper-sc-1xbnsj5-1 bSEKSw"
          >
            <label
              class="CreateContactForm__LabelStyled-sc-1xbnsj5-2 ldDYpC"
              for="firstName"
            >
              <div
                class="CreateContactForm__LabelName-sc-1xbnsj5-3 ewbFFX"
              >
                Vorname
              </div>
              <input
                class="CreateContactForm__InputStyled-sc-1xbnsj5-4 djFcGd"
                id="firstName"
                maxlength="40"
                name="firstName"
                placeholder="Max"
                required=""
                type="text"
              />
            </label>
            <label
              class="CreateContactForm__LabelStyled-sc-1xbnsj5-2 ldDYpC"
              for="lastName"
            >
              <div
                class="CreateContactForm__LabelName-sc-1xbnsj5-3 ewbFFX"
              >
                Nachname
              </div>
              <input
                class="CreateContactForm__InputStyled-sc-1xbnsj5-4 djFcGd"
                id="lastName"
                maxlength="40"
                name="lastName"
                placeholder="Mustermann"
                required=""
                type="text"
              />
            </label>
          </div>
          <label
            class="CreateContactForm__LabelStyled-sc-1xbnsj5-2 ldDYpC"
            for="company"
          >
            <div
              class="CreateContactForm__LabelName-sc-1xbnsj5-3 ewbFFX"
            >
              Unternehmen
            </div>
            <input
              class="CreateContactForm__InputStyled-sc-1xbnsj5-4 djFcGd"
              id="company"
              name="company"
              placeholder="Universal GmbH"
              required=""
              type="text"
            />
          </label>
          <label
            class="CreateContactForm__LabelStyled-sc-1xbnsj5-2 ldDYpC"
            for="phone"
          >
            <div
              class="CreateContactForm__LabelName-sc-1xbnsj5-3 ewbFFX"
            >
              Telefon
            </div>
            <input
              class="CreateContactForm__InputStyled-sc-1xbnsj5-4 djFcGd"
              id="phone"
              name="phone"
              placeholder="0176-12345678"
              type="tel"
            />
          </label>
          <label
            class="CreateContactForm__LabelStyled-sc-1xbnsj5-2 ldDYpC"
            for="mail"
          >
            <div
              class="CreateContactForm__LabelName-sc-1xbnsj5-3 ewbFFX"
            >
              E-Mail
            </div>
            <input
              class="CreateContactForm__InputStyled-sc-1xbnsj5-4 djFcGd"
              id="mail"
              name="mail"
              placeholder="hello@me.de"
              type="email"
            />
          </label>
          <label
            class="CreateContactForm__LabelStyled-sc-1xbnsj5-2 ldDYpC"
            for="street"
          >
            <div
              class="CreateContactForm__LabelName-sc-1xbnsj5-3 ewbFFX"
            >
              Adresse
            </div>
            <input
              class="CreateContactForm__InputStyled-sc-1xbnsj5-4 djFcGd"
              id="street"
              name="street"
              placeholder="Straße"
              type="text"
            />
            <div
              class="CreateContactForm__LabelWrapper-sc-1xbnsj5-1 bSEKSw"
            >
              <input
                class="CreateContactForm__InputStyled-sc-1xbnsj5-4 djFcGd"
                id="zip"
                name="zip"
                placeholder="PLZ"
                type="text"
              />
              <input
                class="CreateContactForm__InputStyled-sc-1xbnsj5-4 djFcGd"
                id="city"
                name="city"
                placeholder="Stadt"
                type="text"
              />
            </div>
          </label>
          <label
            class="CreateContactForm__LabelStyled-sc-1xbnsj5-2 ldDYpC"
            for="note"
          >
            <div
              class="CreateContactForm__LabelName-sc-1xbnsj5-3 ewbFFX"
            >
              Notiz
            </div>
            <input
              class="CreateContactForm__InputStyled-sc-1xbnsj5-4 djFcGd"
              id="note"
              name="note"
              type="text"
            />
          </label>
          <label
            class="CreateContactForm__LabelStyled-sc-1xbnsj5-2 ldDYpC"
            for="category"
          >
            <div
              class="CreateContactForm__LabelName-sc-1xbnsj5-3 ewbFFX"
            >
              Kategorie
            </div>
            <input
              class="CreateContactForm__InputStyled-sc-1xbnsj5-4 djFcGd"
              id="category"
              name="category"
              placeholder="Kunde, Dienstleister"
              type="text"
            />
          </label>
          <button
            class="CreateContactForm__ButtonStyled-sc-1xbnsj5-5 eATByy"
            disabled=""
            id="submit"
          >
            Kontakt hinzufügen
          </button>
        </form>
      </div>
    </main>
  </div>,
  "debug": [Function],
  "findAllByAltText": [Function],
  "findAllByDisplayValue": [Function],
  "findAllByLabelText": [Function],
  "findAllByPlaceholderText": [Function],
  "findAllByRole": [Function],
  "findAllByTestId": [Function],
  "findAllByText": [Function],
  "findAllByTitle": [Function],
  "findByAltText": [Function],
  "findByDisplayValue": [Function],
  "findByLabelText": [Function],
  "findByPlaceholderText": [Function],
  "findByRole": [Function],
  "findByTestId": [Function],
  "findByText": [Function],
  "findByTitle": [Function],
  "getAllByAltText": [Function],
  "getAllByDisplayValue": [Function],
  "getAllByLabelText": [Function],
  "getAllByPlaceholderText": [Function],
  "getAllByRole": [Function],
  "getAllByTestId": [Function],
  "getAllByText": [Function],
  "getAllByTitle": [Function],
  "getByAltText": [Function],
  "getByDisplayValue": [Function],
  "getByLabelText": [Function],
  "getByPlaceholderText": [Function],
  "getByRole": [Function],
  "getByTestId": [Function],
  "getByText": [Function],
  "getByTitle": [Function],
  "queryAllByAltText": [Function],
  "queryAllByDisplayValue": [Function],
  "queryAllByLabelText": [Function],
  "queryAllByPlaceholderText": [Function],
  "queryAllByRole": [Function],
  "queryAllByTestId": [Function],
  "queryAllByText": [Function],
  "queryAllByTitle": [Function],
  "queryByAltText": [Function],
  "queryByDisplayValue": [Function],
  "queryByLabelText": [Function],
  "queryByPlaceholderText": [Function],
  "queryByRole": [Function],
  "queryByTestId": [Function],
  "queryByText": [Function],
  "queryByTitle": [Function],
  "rerender": [Function],
  "unmount": [Function],
}
`;
