// Jest Snapshot v1, https://goo.gl/fbAQLP

exports[`The listItem renders correctly 1`] = `
Object {
  "asFragment": [Function],
  "baseElement": <body>
    <div>
      <li>
        <section
          class="ContactListItem__ContactContainer-q0ui6m-0 cZncpw"
        >
          <section
            class="ContactListItem__SVGWrapper-q0ui6m-1 CAeIO"
          >
            <svg>
              user.svg
            </svg>
          </section>
          <p
            class="ContactListItem__StyledContactInformation-q0ui6m-2 LyweK"
          >
            undefined undefined
          </p>
          <p
            class="ContactListItem__StyledContactInformation-q0ui6m-2 LyweK"
          />
        </section>
      </li>
    </div>
  </body>,
  "container": <div>
    <li>
      <section
        class="ContactListItem__ContactContainer-q0ui6m-0 cZncpw"
      >
        <section
          class="ContactListItem__SVGWrapper-q0ui6m-1 CAeIO"
        >
          <svg>
            user.svg
          </svg>
        </section>
        <p
          class="ContactListItem__StyledContactInformation-q0ui6m-2 LyweK"
        >
          undefined undefined
        </p>
        <p
          class="ContactListItem__StyledContactInformation-q0ui6m-2 LyweK"
        />
      </section>
    </li>
  </div>,
  "debug": [Function],
  "findAllByAltText": [Function],
  "findAllByDisplayValue": [Function],
  "findAllByLabelText": [Function],
  "findAllByPlaceholderText": [Function],
  "findAllByRole": [Function],
  "findAllByTestId": [Function],
  "findAllByText": [Function],
  "findAllByTitle": [Function],
  "findByAltText": [Function],
  "findByDisplayValue": [Function],
  "findByLabelText": [Function],
  "findByPlaceholderText": [Function],
  "findByRole": [Function],
  "findByTestId": [Function],
  "findByText": [Function],
  "findByTitle": [Function],
  "getAllByAltText": [Function],
  "getAllByDisplayValue": [Function],
  "getAllByLabelText": [Function],
  "getAllByPlaceholderText": [Function],
  "getAllByRole": [Function],
  "getAllByTestId": [Function],
  "getAllByText": [Function],
  "getAllByTitle": [Function],
  "getByAltText": [Function],
  "getByDisplayValue": [Function],
  "getByLabelText": [Function],
  "getByPlaceholderText": [Function],
  "getByRole": [Function],
  "getByTestId": [Function],
  "getByText": [Function],
  "getByTitle": [Function],
  "queryAllByAltText": [Function],
  "queryAllByDisplayValue": [Function],
  "queryAllByLabelText": [Function],
  "queryAllByPlaceholderText": [Function],
  "queryAllByRole": [Function],
  "queryAllByTestId": [Function],
  "queryAllByText": [Function],
  "queryAllByTitle": [Function],
  "queryByAltText": [Function],
  "queryByDisplayValue": [Function],
  "queryByLabelText": [Function],
  "queryByPlaceholderText": [Function],
  "queryByRole": [Function],
  "queryByTestId": [Function],
  "queryByText": [Function],
  "queryByTitle": [Function],
  "rerender": [Function],
  "unmount": [Function],
}
`;
